Verbosity level can be increased via `-v, -vv, or -vvv` option
Collected 1 tests

Processing * in test environment
--------------------------------------------------------------------------------
Building...
Testing...
test\test_all.cpp:383: test_timing_calculation	[PASSED]
test\test_all.cpp:384: test_sensor_value_change_detection	[PASSED]
test\test_all.cpp:385: test_adc_to_pressure_conversion	[PASSED]
test\test_all.cpp:386: test_key_state_logic	[PASSED]
test\test_all.cpp:387: test_config_set_get	[PASSED]
test\test_all.cpp:388: test_config_has_config	[PASSED]
test\test_all.cpp:389: test_config_default_creation	[PASSED]
test\test_all.cpp:390: test_panel_name_validation	[PASSED]
test\test_all.cpp:391: test_theme_validation	[PASSED]
test\test_all.cpp:392: test_config_clear	[PASSED]
test\test_all.cpp:395: test_adc_conversion_performance_benchmark	[PASSED]
test\test_all.cpp:396: test_sensor_state_change_detection_performance	[PASSED]
test\test_all.cpp:397: test_key_state_logic_performance_benchmark	[PASSED]
test\test_all.cpp:398: test_config_operations_performance_benchmark	[PASSED]
test\test_all.cpp:402: test_trigger_manager_initialization	[PASSED]
test\test_all.cpp:403: test_trigger_manager_startup_panel_override	[PASSED]
test\test_all.cpp:404: test_trigger_manager_key_trigger_processing	[PASSED]
test\test_all.cpp:405: test_trigger_manager_light_trigger_processing	[PASSED]
test\test_all.cpp:406: test_trigger_manager_multiple_sensors	[PASSED]
test\test_all.cpp:407: test_trigger_manager_lock_state_changes	[PASSED]
test\test_all.cpp:408: test_trigger_manager_service_integration	[PASSED]
test\test_all.cpp:413: test_service_container_construction	[PASSED]
test\test_all.cpp:414: test_service_container_singleton_instance	[PASSED]
test\test_all.cpp:415: test_service_container_register_service	[PASSED]
test\test_all.cpp:416: test_service_container_get_service	[PASSED]
test\test_all.cpp:417: test_service_container_has_service	[PASSED]
test\test_all.cpp:418: test_service_container_unregister_service	[PASSED]
test\test_all.cpp:419: test_service_container_multiple_services	[PASSED]
test\test_all.cpp:420: test_service_container_service_replacement	[PASSED]
test\test_all.cpp:425: test_style_manager_init	[PASSED]
test\test_all.cpp:426: test_style_manager_theme_switching	[PASSED]
test\test_all.cpp:427: test_style_manager_day_night_differences	[PASSED]
test\test_all.cpp:428: test_style_manager_rapid_theme_switching	[PASSED]
test\test_all.cpp:429: test_style_manager_theme_persistence	[PASSED]
test\test_all.cpp:153: test_style_manager_invalid_theme_handling: Expected Non-NULL	[FAILED]
test\test_all.cpp:431: test_style_manager_initialization_edge_cases	[PASSED]
test\test_all.cpp:432: test_style_manager_memory_management	[PASSED]
test\test_all.cpp:433: test_style_manager_style_consistency	[PASSED]
test\test_all.cpp:434: test_style_manager_style_initialization_robustness	[PASSED]
test\test_all.cpp:435: test_style_manager_concurrent_access_simulation	[PASSED]
test\test_all.cpp:436: test_style_manager_cleanup_and_resource_management	[PASSED]
test\test_all.cpp:437: test_style_manager_apply_theme_edge_cases	[PASSED]
test\test_all.cpp:438: test_style_manager_state_transitions	[PASSED]
test\test_all.cpp:442: test_simple_ticker_dynamic_delay_normal_case	[PASSED]
test\test_all.cpp:443: test_simple_ticker_dynamic_delay_slow_processing	[PASSED]
test\test_all.cpp:444: test_simple_ticker_timing_calculation	[PASSED]
test\test_all.cpp:448: test_panel_manager_construction	[PASSED]
test\test_all.cpp:449: test_panel_manager_init	[PASSED]
test\test_all.cpp:450: test_panel_manager_create_and_load_panel	[PASSED]
test\test_all.cpp:451: test_panel_manager_update_panel	[PASSED]
test\test_all.cpp:452: test_panel_manager_load_panel_with_splash	[PASSED]
test\test_all.cpp:453: test_panel_manager_get_current_panel	[PASSED]
test\test_all.cpp:454: test_panel_manager_ui_state	[PASSED]
test\test_all.cpp:455: test_panel_manager_panel_switching	[PASSED]
test\test_all.cpp:466: test_key_sensor_construction	[PASSED]
test\test_all.cpp:467: test_key_sensor_init	[PASSED]
test\test_all.cpp:468: test_key_sensor_key_present_state	[PASSED]
test\test_all.cpp:469: test_key_sensor_key_not_present_state	[PASSED]
test\test_all.cpp:470: test_key_sensor_inactive_state	[PASSED]
test\test_all.cpp:471: test_key_sensor_invalid_state	[PASSED]
test\test_all.cpp:472: test_key_sensor_value_change_detection	[PASSED]
test\test_all.cpp:473: test_key_sensor_reading_consistency	[PASSED]
test\test_all.cpp:474: test_key_sensor_timing_behavior	[PASSED]
test\test_all.cpp:475: test_key_sensor_debouncing	[PASSED]
test\test_all.cpp:476: test_key_sensor_state_transitions	[PASSED]
test\test_all.cpp:478: test_key_sensor_error_conditions	[PASSED]
test\test_all.cpp:479: test_key_sensor_performance	[PASSED]
test\test_all.cpp:480: test_key_sensor_memory_stability	[PASSED]
test\test_all.cpp:481: test_key_sensor_concurrent_access	[PASSED]
test\test_all.cpp:484: test_key_sensor_state_machine_completeness	[PASSED]
test\test_all.cpp:485: test_key_sensor_timing_dependent_behavior	[PASSED]
test\test_all.cpp:486: test_key_sensor_boundary_conditions	[PASSED]
test\test_all.cpp:487: test_key_sensor_resource_exhaustion_handling	[PASSED]
test\test_all.cpp:488: test_key_sensor_state_consistency_validation	[PASSED]
test\test_all.cpp:116: test_lock_sensor_construction	[PASSED]
test\test_all.cpp:117: test_lock_sensor_init	[PASSED]
test\test_all.cpp:118: test_lock_sensor_locked_state	[PASSED]
test\test_all.cpp:119: test_lock_sensor_unlocked_state	[PASSED]
test\test_all.cpp:120: test_lock_sensor_value_change_detection	[PASSED]
test\test_all.cpp:121: test_lock_sensor_reading_consistency	[PASSED]
test\test_all.cpp:122: test_lock_sensor_state_transitions	[PASSED]
test\test_all.cpp:123: test_lock_sensor_boolean_logic	[PASSED]
test\test_all.cpp:127: test_light_sensor_construction	[PASSED]
test\test_all.cpp:128: test_light_sensor_init	[PASSED]
test\test_all.cpp:129: test_light_sensor_reading_conversion	[PASSED]
test\test_all.cpp:130: test_light_sensor_boundary_values	[PASSED]
test\test_all.cpp:131: test_light_sensor_value_change_detection	[PASSED]
test\test_all.cpp:132: test_light_sensor_reading_consistency	[PASSED]
test\test_all.cpp:133: test_light_sensor_state_transitions	[PASSED]
test\test_all.cpp:90: test_oil_pressure_sensor_init	[PASSED]
test\test_all.cpp:91: test_oil_pressure_sensor_reading_conversion	[PASSED]
test\test_all.cpp:92: test_oil_pressure_sensor_value_change_detection	[PASSED]
test\test_all.cpp:93: test_oil_pressure_sensor_boundary_values	[PASSED]
test\test_all.cpp:96: test_oil_temperature_sensor_construction	[PASSED]
test\test_all.cpp:97: test_oil_temperature_sensor_init	[PASSED]
test\test_all.cpp:98: test_oil_temperature_sensor_reading_conversion	[PASSED]
test\test_all.cpp:99: test_oil_temperature_sensor_value_change_detection	[PASSED]
test\test_all.cpp:100: test_oil_temperature_sensor_boundary_values	[PASSED]
test\test_all.cpp:75: test_gpio_provider_digital_operations	[PASSED]
test\test_all.cpp:76: test_gpio_provider_analog_operations	[PASSED]
test\test_all.cpp:77: test_gpio_provider_interface_compliance	[PASSED]
test\test_all.cpp:78: test_gpio_provider_multiple_pins	[PASSED]
test\test_all.cpp:79: test_gpio_provider_analog_read_consistency	[PASSED]
test\test_all.cpp:237: test_lvgl_display_provider_construction	[PASSED]
test\test_all.cpp:238: test_lvgl_display_provider_initialization	[PASSED]
test\test_all.cpp:239: test_lvgl_display_provider_get_main_screen	[PASSED]
test\test_all.cpp:240: test_lvgl_display_provider_create_screen	[PASSED]
test\test_all.cpp:241: test_lvgl_display_provider_load_screen	[PASSED]
Program errored with 3221226356 code
---------------------- test:* [ERRORED] Took 5.55 seconds ----------------------

=================================== SUMMARY ===================================

Environment    Test    Status    Duration
-------------  ------  --------  ------------
test           *       ERRORED   00:00:05.546
=========== 109 test cases: 1 failed, 107 succeeded in 00:00:05.546 ===========
